// Jest Snapshot v1, https://goo.gl/fbAQLP

exports[`Pruebas del componente <RegisterScreen /> debe de mostrarse correctamente 1`] = `
Array [
  <h3
    className="auth__title mb-5"
  >
    Register
  </h3>,
  <form
    className="animate__animated animate__fadeIn animate__faster"
    onSubmit={[Function]}
  >
    <input
      autoComplete="off"
      className="auth__input"
      name="name"
      onChange={[Function]}
      placeholder="Name"
      type="text"
      value=""
    />
    <input
      autoComplete="off"
      className="auth__input"
      name="email"
      onChange={[Function]}
      placeholder="email"
      type="email"
      value=""
    />
    <input
      className="auth__input"
      name="password"
      onChange={[Function]}
      placeholder="password"
      type="password"
      value=""
    />
    <input
      className="auth__input"
      name="confirmPassword"
      onChange={[Function]}
      placeholder="Confirm password"
      type="password"
      value=""
    />
    <button
      className="mb-5 btn btn-primary btn-block"
      type="submit"
    >
      Register
    </button>
  </form>,
  <a
    className="mt-5 link"
    href="/auth/login"
    onClick={[Function]}
  >
    Already registered, sign in?
  </a>,
]
`;
